<?xml version="1.0" encoding="utf-8"?><testsuites><testsuite name="pytest" errors="0" failures="0" skipped="0" tests="17" time="0.110" timestamp="2025-05-02T02:11:03.938040" hostname="ubuntu24-B550M-AORUS-ELITE"><testcase classname="tests.backend.tools.test_app_ferramentas" name="test_init_analise" file="tests/backend/tools/test_app_ferramentas.py" line="23" time="0.005" /><testcase classname="tests.backend.tools.test_app_ferramentas" name="test_deteccao_comparacao_validacao" file="tests/backend/tools/test_app_ferramentas.py" line="29" time="0.002" /><testcase classname="tests.backend.tools.test_app_ferramentas" name="test_verificacao_caracteres_invalidos" file="tests/backend/tools/test_app_ferramentas.py" line="48" time="0.001" /><testcase classname="tests.backend.tools.test_app_ferramentas" name="test_dados_localizacao" file="tests/backend/tools/test_app_ferramentas.py" line="62" time="0.001" /><testcase classname="tests.backend.tools.test_app_ferramentas" name="test_execucao_geral" file="tests/backend/tools/test_app_ferramentas.py" line="75" time="0.002" /><testcase classname="tests.backend.tools.test_resultado" name="test_resultadoanalise_initialization" file="tests/backend/tools/test_resultado.py" line="8" time="0.001" /><testcase classname="tests.backend.tools.test_resultado" name="test_resultadoanalise_custom_initialization" file="tests/backend/tools/test_resultado.py" line="25" time="0.001" /><testcase classname="tests.backend.tools.test_resultado" name="test_resultadoanalise_to_json" file="tests/backend/tools/test_resultado.py" line="53" time="0.001" /><testcase classname="tests.backend.tools.test_sistema_info" name="test_detectar_sistema_windows" file="tests/backend/tools/test_sistema_info.py" line="7" time="0.000" /><testcase classname="tests.backend.tools.test_sistema_info" name="test_detectar_sistema_linux" file="tests/backend/tools/test_sistema_info.py" line="13" time="0.000" /><testcase classname="tests.backend.tools.test_sistema_info" name="test_detectar_sistema_macos" file="tests/backend/tools/test_sistema_info.py" line="19" time="0.000" /><testcase classname="tests.backend.tools.test_sistema_info" name="test_detectar_sistema_desconhecido" file="tests/backend/tools/test_sistema_info.py" line="25" time="0.001" /><testcase classname="tests.backend.tools.test_sistema_info" name="test_caracteres_invalidos_windows" file="tests/backend/tools/test_sistema_info.py" line="31" time="0.000" /><testcase classname="tests.backend.tools.test_sistema_info" name="test_caracteres_invalidos_linux" file="tests/backend/tools/test_sistema_info.py" line="47" time="0.000" /><testcase classname="tests.backend.tools.test_sistema_info" name="test_caracteres_invalidos_macos" file="tests/backend/tools/test_sistema_info.py" line="53" time="0.000" /><testcase classname="tests.backend.tools.test_sistema_info" name="test_caracteres_invalidos_desconhecido" file="tests/backend/tools/test_sistema_info.py" line="59" time="0.000" /><testcase classname="tests.backend.tools.test_sistema_info" name="test_sistema_local" file="tests/backend/tools/test_sistema_info.py" line="65" time="0.001" /></testsuite></testsuites>
